


--------------------------------------
DOCK v6.13

Released July 2025
Copyright UCSF
--------------------------------------


Conformational Sampling Parameters
------------------------------------------------------------------------------------------
conformer_search_type                                        rigid

Internal Energy Parameters
------------------------------------------------------------------------------------------
use_internal_energy                                          yes
internal_energy_rep_exp                                      12
internal_energy_cutoff                                       100.0
Note: Internal energy only includes repulsive VDW for growth and/or minimization.

Molecule Library Input Parameters
------------------------------------------------------------------------------------------
ligand_atom_file                                             all_ligands.mol2
limit_max_ligands                                            no
skip_molecule                                                no
read_mol_solvation                                           no
calculate_rmsd                                               yes
use_rmsd_reference_mol                                       yes
rmsd_reference_filename                                      all_ligands.mol2

Database Filter Parameters
------------------------------------------------------------------------------------------
use_database_filter                                          no

Orient Ligand Parameters
------------------------------------------------------------------------------------------
orient_ligand                                                yes
automated_matching                                           yes
receptor_site_file                                           receptor.sph
max_orientations                                             1000
critical_points                                              no
chemical_matching                                            no
use_ligand_spheres                                           no

Bump Filter Parameters
------------------------------------------------------------------------------------------
bump_filter                                                  no

Master Score Parameters
------------------------------------------------------------------------------------------
score_molecules                                              no
minimizer_type                                               simplex

Atom Typing Parameters
------------------------------------------------------------------------------------------
atom_model                                                   all
vdw_defn_file                                                /Users/user/dock6/DT100/zzz.parameters/vdw_AMBER_parm99.defn
flex_defn_file                                               /Users/user/dock6/DT100/zzz.parameters/flex.defn
flex_drive_file                                              /Users/user/dock6/DT100/zzz.parameters/flex_drive.tbl

Molecule Library Output Parameters
------------------------------------------------------------------------------------------
ligand_outfile_prefix                                        giant_out
write_mol_solvation                                          no
write_orientations                                           no
num_final_scored_poses                                       1
num_preclustered_conformers                                  1
score_threshold                                              100.0
rank_ligands                                                 no
------------------------------------------------------------------------------------------
Initializing Library File Routines...

Initializing Orienting Routines...


ERROR:  Could not open receptor.sph for reading.  Program will terminate.

