


--------------------------------------
DOCK v6.13

Released July 2025
Copyright UCSF
--------------------------------------


Conformational Sampling Parameters
------------------------------------------------------------------------------------------
conformer_search_type                                        flex
write_fragment_libraries                                     no

Anchor & Grow Parameters
------------------------------------------------------------------------------------------
user_specified_anchor                                        no
limit_max_anchors                                            no
min_anchor_size                                              5
pruning_use_clustering                                       yes
pruning_max_orients                                          1000
pruning_clustering_cutoff                                    100
pruning_orient_score_cutoff                                  1000.0
pruning_conformer_score_cutoff                               100.0
pruning_conformer_score_scaling_factor                       1.0
use_clash_overlap                                            no
write_growth_tree                                            no

Internal Energy Parameters
------------------------------------------------------------------------------------------
use_internal_energy                                          yes
internal_energy_rep_exp                                      12
internal_energy_cutoff                                       100.0
internal_energy_soft_delta                                   0.0
Note: Internal energy only includes repulsive VDW for growth and/or minimization.

Molecule Library Input Parameters
------------------------------------------------------------------------------------------
ligand_atom_file                                             1HPS.lig.am1bcc.mol2
limit_max_ligands                                            no
skip_molecule                                                no
read_mol_solvation                                           no
calculate_rmsd                                               yes
use_rmsd_reference_mol                                       yes
rmsd_reference_filename                                      1HPS.lig.am1bcc.mol2

Database Filter Parameters
------------------------------------------------------------------------------------------
use_database_filter                                          no

Orient Ligand Parameters
------------------------------------------------------------------------------------------
orient_ligand                                                yes
automated_matching                                           yes
receptor_site_file                                           ./1HPS.rec.clust.close.sph
max_orientations                                             1000
critical_points                                              no
chemical_matching                                            no
use_ligand_spheres                                           no

Bump Filter Parameters
------------------------------------------------------------------------------------------
bump_filter                                                  no

Master Score Parameters
------------------------------------------------------------------------------------------
score_molecules                                              yes

Contact Score Parameters
------------------------------------------------------------------------------------------
contact_score_primary                                        no

Grid Score Parameters
------------------------------------------------------------------------------------------
grid_score_primary                                           yes
grid_score_rep_rad_scale                                     1
grid_score_vdw_scale                                         1
grid_score_es_scale                                          1
grid_lig_efficiency                                          no
grid_score_grid_prefix                                       ../002.grid_gen/1HPS.rec

GIST Score Parameters
------------------------------------------------------------------------------------------

MultiGrid Score Parameters
------------------------------------------------------------------------------------------

Dock3.5 Score Parameters
------------------------------------------------------------------------------------------

Continuous Energy Score Parameters
------------------------------------------------------------------------------------------

Footprint Similarity Score Parameters
------------------------------------------------------------------------------------------

Pharmacophore Similarity Score Parameters
------------------------------------------------------------------------------------------

Hbond Energy Score Parameters
------------------------------------------------------------------------------------------

Internal Energy Score Parameters
------------------------------------------------------------------------------------------

Descriptor Score Parameters
------------------------------------------------------------------------------------------

Zou GB/SA Score Parameters
------------------------------------------------------------------------------------------

Hawkins GB/SA Score Parameters
------------------------------------------------------------------------------------------

SASA Score Parameters
------------------------------------------------------------------------------------------

Amber Score Parameters
------------------------------------------------------------------------------------------
minimizer_type                                               simplex

Simplex Minimization Parameters
------------------------------------------------------------------------------------------
minimize_ligand                                              yes
minimize_anchor                                              yes
minimize_flexible_growth                                     yes
use_advanced_simplex_parameters                              no
minimize_flexible_growth_ramp                                yes
simplex_max_cycles                                           1
simplex_score_converge                                       0.1
simplex_initial_score_coverge                                5
simplex_cycle_converge                                       1.0
simplex_trans_step                                           1.0
simplex_rot_step                                             0.1
simplex_tors_step                                            10.0
simplex_anchor_max_iterations                                500
simplex_grow_max_iterations                                  250
simplex_grow_tors_premin_iterations                          0
simplex_final_min                                            no
simplex_random_seed                                          0
simplex_restraint_min                                        no

Atom Typing Parameters
------------------------------------------------------------------------------------------
atom_model                                                   all
vdw_defn_file                                                ./vdw.defn
flex_defn_file                                               ./flex.defn
flex_drive_file                                              ./flex_drive.tbl

Molecule Library Output Parameters
------------------------------------------------------------------------------------------
ligand_outfile_prefix                                        1HPS_pgo_train
write_mol_solvation                                          no
write_orientations                                           no
num_final_scored_poses                                       1000
num_preclustered_conformers                                  10000
write_conformations                                          no
cluster_conformations                                        yes
cluster_rmsd_threshold                                       2.0
score_threshold                                              100.0
rank_ligands                                                 no
------------------------------------------------------------------------------------------

Initializing Conformer Generator Routines...
Initializing Library File Routines...

Initializing Orienting Routines...
Initializing Grid Score Routines...
 Reading the energy grid from ../002.grid_gen/1HPS.rec.nrg
 Done reading the energy grid.
 Reading the grid box quantifiers from ../002.grid_gen/1HPS.rec.bmp
 Done reading the grid box quantifiers.

-----------------------------------
Molecule: LIG

 Elapsed time for docking:	136.615 seconds

 Anchors:		4
 Orientations:		4000
 Conformations:		322

                          Grid_Score:         -111.372238
                     Grid_vdw_energy:         -102.285950
                      Grid_es_energy:           -9.086287
           Internal_energy_repulsive:           26.423130


1 Molecules Processed
Total elapsed time:	138.935 seconds
Number of molecules per second:	0.007
