Starting installation of 
DOCK v6.13
program dock at Sat 16 May 2026 21:38:34 PDT.

/Library/Developer/CommandLineTools/usr/bin/make -C ../src/dock  install
g++-15 -c -O3 -std=c++11 -Wl,-ld_classic -D_DARWIN_C_SOURCE -march=native -fno-math-errno -fno-trapping-math -flto -pipe -fweb -fira-loop-pressure -fgcse-after-reload -fsplit-paths -floop-nest-optimize -fpeel-loops -fsplit-loops -floop-unroll-and-jam -o amber_typer.o -fprofile-use=/tmp/dock6_pgo_gcda -fprofile-correction amber_typer.cpp
g++-15 -c -O3 -std=c++11 -Wl,-ld_classic -D_DARWIN_C_SOURCE -march=native -fno-math-errno -fno-trapping-math -flto -pipe -fweb -fira-loop-pressure -fgcse-after-reload -fsplit-paths -floop-nest-optimize -fpeel-loops -fsplit-loops -floop-unroll-and-jam -o base_grid.o -fprofile-use=/tmp/dock6_pgo_gcda -fprofile-correction base_grid.cpp
g++-15 -c -O3 -std=c++11 -Wl,-ld_classic -D_DARWIN_C_SOURCE -march=native -fno-math-errno -fno-trapping-math -flto -pipe -fweb -fira-loop-pressure -fgcse-after-reload -fsplit-paths -floop-nest-optimize -fpeel-loops -fsplit-loops -floop-unroll-and-jam -o base_mpi.o -fprofile-use=/tmp/dock6_pgo_gcda -fprofile-correction base_mpi.cpp
g++-15 -c -O3 -std=c++11 -Wl,-ld_classic -D_DARWIN_C_SOURCE -march=native -fno-math-errno -fno-trapping-math -flto -pipe -fweb -fira-loop-pressure -fgcse-after-reload -fsplit-paths -floop-nest-optimize -fpeel-loops -fsplit-loops -floop-unroll-and-jam -o base_score.o -fprofile-use=/tmp/dock6_pgo_gcda -fprofile-correction base_score.cpp
g++-15 -c -O3 -std=c++11 -Wl,-ld_classic -D_DARWIN_C_SOURCE -march=native -fno-math-errno -fno-trapping-math -flto -pipe -fweb -fira-loop-pressure -fgcse-after-reload -fsplit-paths -floop-nest-optimize -fpeel-loops -fsplit-loops -floop-unroll-and-jam -o conf_gen_ag.o -fprofile-use=/tmp/dock6_pgo_gcda -fprofile-correction conf_gen_ag.cpp
g++-15 -c -O3 -std=c++11 -Wl,-ld_classic -D_DARWIN_C_SOURCE -march=native -fno-math-errno -fno-trapping-math -flto -pipe -fweb -fira-loop-pressure -fgcse-after-reload -fsplit-paths -floop-nest-optimize -fpeel-loops -fsplit-loops -floop-unroll-and-jam -o conf_gen_cg.o -fprofile-use=/tmp/dock6_pgo_gcda -fprofile-correction conf_gen_cg.cpp
g++-15 -c -O3 -std=c++11 -Wl,-ld_classic -D_DARWIN_C_SOURCE -march=native -fno-math-errno -fno-trapping-math -flto -pipe -fweb -fira-loop-pressure -fgcse-after-reload -fsplit-paths -floop-nest-optimize -fpeel-loops -fsplit-loops -floop-unroll-and-jam -o conf_gen_dn.o -fprofile-use=/tmp/dock6_pgo_gcda -fprofile-correction conf_gen_dn.cpp
g++-15 -c -O3 -std=c++11 -Wl,-ld_classic -D_DARWIN_C_SOURCE -march=native -fno-math-errno -fno-trapping-math -flto -pipe -fweb -fira-loop-pressure -fgcse-after-reload -fsplit-paths -floop-nest-optimize -fpeel-loops -fsplit-loops -floop-unroll-and-jam -o conf_gen_dn_ga.o -fprofile-use=/tmp/dock6_pgo_gcda -fprofile-correction conf_gen_dn_ga.cpp
g++-15 -c -O3 -std=c++11 -Wl,-ld_classic -D_DARWIN_C_SOURCE -march=native -fno-math-errno -fno-trapping-math -flto -pipe -fweb -fira-loop-pressure -fgcse-after-reload -fsplit-paths -floop-nest-optimize -fpeel-loops -fsplit-loops -floop-unroll-and-jam -o conf_gen_ga.o -fprofile-use=/tmp/dock6_pgo_gcda -fprofile-correction conf_gen_ga.cpp
conf_gen_ga.cpp: In member function 'void GA_Recomb::add_H(DOCKMol&, int, int, bool, Master_Score&, Simplex_Minimizer&, AMBER_TYPER&)':
conf_gen_ga.cpp:9033:26: warning: ignoring return value of 'std::vector<_Tp, _Alloc>::size_type std::vector<_Tp, _Alloc>::size() const [with _Tp = int; _Alloc = std::allocator<int>; size_type = long unsigned int]', declared with attribute 'nodiscard' [-Wunused-result]
 9033 |           heavy_nbrs.size();
      |           ~~~~~~~~~~~~~~~^~
In file included from /opt/homebrew/Cellar/gcc/15.2.0_1/include/c++/15/vector:68,
                 from conf_gen_ga.h:9,
                 from conf_gen_ga.cpp:1:
/opt/homebrew/Cellar/gcc/15.2.0_1/include/c++/15/bits/stl_vector.h:1117:7: note: declared here
 1117 |       size() const _GLIBCXX_NOEXCEPT
      |       ^~~~
g++-15 -c -O3 -std=c++11 -Wl,-ld_classic -D_DARWIN_C_SOURCE -march=native -fno-math-errno -fno-trapping-math -flto -pipe -fweb -fira-loop-pressure -fgcse-after-reload -fsplit-paths -floop-nest-optimize -fpeel-loops -fsplit-loops -floop-unroll-and-jam -o conf_gen_hdb.o -fprofile-use=/tmp/dock6_pgo_gcda -fprofile-correction conf_gen_hdb.cpp
g++-15 -c -O3 -std=c++11 -Wl,-ld_classic -D_DARWIN_C_SOURCE -march=native -fno-math-errno -fno-trapping-math -flto -pipe -fweb -fira-loop-pressure -fgcse-after-reload -fsplit-paths -floop-nest-optimize -fpeel-loops -fsplit-loops -floop-unroll-and-jam -o dock.o -fprofile-use=/tmp/dock6_pgo_gcda -fprofile-correction dock.cpp
g++-15 -c -O3 -std=c++11 -Wl,-ld_classic -D_DARWIN_C_SOURCE -march=native -fno-math-errno -fno-trapping-math -flto -pipe -fweb -fira-loop-pressure -fgcse-after-reload -fsplit-paths -floop-nest-optimize -fpeel-loops -fsplit-loops -floop-unroll-and-jam -o dockmol.o -fprofile-use=/tmp/dock6_pgo_gcda -fprofile-correction dockmol.cpp
g++-15 -c -O3 -std=c++11 -Wl,-ld_classic -D_DARWIN_C_SOURCE -march=native -fno-math-errno -fno-trapping-math -flto -pipe -fweb -fira-loop-pressure -fgcse-after-reload -fsplit-paths -floop-nest-optimize -fpeel-loops -fsplit-loops -floop-unroll-and-jam -o filter.o -fprofile-use=/tmp/dock6_pgo_gcda -fprofile-correction filter.cpp
g++-15 -c -O3 -std=c++11 -Wl,-ld_classic -D_DARWIN_C_SOURCE -march=native -fno-math-errno -fno-trapping-math -flto -pipe -fweb -fira-loop-pressure -fgcse-after-reload -fsplit-paths -floop-nest-optimize -fpeel-loops -fsplit-loops -floop-unroll-and-jam -o fingerprint.o -fprofile-use=/tmp/dock6_pgo_gcda -fprofile-correction fingerprint.cpp
g++-15 -c -O3 -std=c++11 -Wl,-ld_classic -D_DARWIN_C_SOURCE -march=native -fno-math-errno -fno-trapping-math -flto -pipe -fweb -fira-loop-pressure -fgcse-after-reload -fsplit-paths -floop-nest-optimize -fpeel-loops -fsplit-loops -floop-unroll-and-jam -o fraggraph.o -fprofile-use=/tmp/dock6_pgo_gcda -fprofile-correction fraggraph.cpp
g++-15 -c -O3 -std=c++11 -Wl,-ld_classic -D_DARWIN_C_SOURCE -march=native -fno-math-errno -fno-trapping-math -flto -pipe -fweb -fira-loop-pressure -fgcse-after-reload -fsplit-paths -floop-nest-optimize -fpeel-loops -fsplit-loops -floop-unroll-and-jam -o fragment.o -fprofile-use=/tmp/dock6_pgo_gcda -fprofile-correction fragment.cpp
g++-15 -c -O3 -std=c++11 -Wl,-ld_classic -D_DARWIN_C_SOURCE -march=native -fno-math-errno -fno-trapping-math -flto -pipe -fweb -fira-loop-pressure -fgcse-after-reload -fsplit-paths -floop-nest-optimize -fpeel-loops -fsplit-loops -floop-unroll-and-jam -o gasteiger.o -fprofile-use=/tmp/dock6_pgo_gcda -fprofile-correction gasteiger.cpp
g++-15 -c -O3 -std=c++11 -Wl,-ld_classic -D_DARWIN_C_SOURCE -march=native -fno-math-errno -fno-trapping-math -flto -pipe -fweb -fira-loop-pressure -fgcse-after-reload -fsplit-paths -floop-nest-optimize -fpeel-loops -fsplit-loops -floop-unroll-and-jam -o grid.o -fprofile-use=/tmp/dock6_pgo_gcda -fprofile-correction grid.cpp
g++-15 -c -O3 -std=c++11 -Wl,-ld_classic -D_DARWIN_C_SOURCE -march=native -fno-math-errno -fno-trapping-math -flto -pipe -fweb -fira-loop-pressure -fgcse-after-reload -fsplit-paths -floop-nest-optimize -fpeel-loops -fsplit-loops -floop-unroll-and-jam -o hungarian.o -fprofile-use=/tmp/dock6_pgo_gcda -fprofile-correction hungarian.cpp
g++-15 -c -O3 -std=c++11 -Wl,-ld_classic -D_DARWIN_C_SOURCE -march=native -fno-math-errno -fno-trapping-math -flto -pipe -fweb -fira-loop-pressure -fgcse-after-reload -fsplit-paths -floop-nest-optimize -fpeel-loops -fsplit-loops -floop-unroll-and-jam -o library_file.o -fprofile-use=/tmp/dock6_pgo_gcda -fprofile-correction library_file.cpp
g++-15 -c -O3 -std=c++11 -Wl,-ld_classic -D_DARWIN_C_SOURCE -march=native -fno-math-errno -fno-trapping-math -flto -pipe -fweb -fira-loop-pressure -fgcse-after-reload -fsplit-paths -floop-nest-optimize -fpeel-loops -fsplit-loops -floop-unroll-and-jam -o limit_max_change.o -fprofile-use=/tmp/dock6_pgo_gcda -fprofile-correction limit_max_change.cpp
g++-15 -c -O3 -std=c++11 -Wl,-ld_classic -D_DARWIN_C_SOURCE -march=native -fno-math-errno -fno-trapping-math -flto -pipe -fweb -fira-loop-pressure -fgcse-after-reload -fsplit-paths -floop-nest-optimize -fpeel-loops -fsplit-loops -floop-unroll-and-jam -o master_conf.o -fprofile-use=/tmp/dock6_pgo_gcda -fprofile-correction master_conf.cpp
g++-15 -c -O3 -std=c++11 -Wl,-ld_classic -D_DARWIN_C_SOURCE -march=native -fno-math-errno -fno-trapping-math -flto -pipe -fweb -fira-loop-pressure -fgcse-after-reload -fsplit-paths -floop-nest-optimize -fpeel-loops -fsplit-loops -floop-unroll-and-jam -o master_score.o -fprofile-use=/tmp/dock6_pgo_gcda -fprofile-correction master_score.cpp
g++-15 -c -O3 -std=c++11 -Wl,-ld_classic -D_DARWIN_C_SOURCE -march=native -fno-math-errno -fno-trapping-math -flto -pipe -fweb -fira-loop-pressure -fgcse-after-reload -fsplit-paths -floop-nest-optimize -fpeel-loops -fsplit-loops -floop-unroll-and-jam -o orient.o -fprofile-use=/tmp/dock6_pgo_gcda -fprofile-correction orient.cpp
g++-15 -c -O3 -std=c++11 -Wl,-ld_classic -D_DARWIN_C_SOURCE -march=native -fno-math-errno -fno-trapping-math -flto -pipe -fweb -fira-loop-pressure -fgcse-after-reload -fsplit-paths -floop-nest-optimize -fpeel-loops -fsplit-loops -floop-unroll-and-jam -o sasa.o -fprofile-use=/tmp/dock6_pgo_gcda -fprofile-correction sasa.cpp
g++-15 -c -O3 -std=c++11 -Wl,-ld_classic -D_DARWIN_C_SOURCE -march=native -fno-math-errno -fno-trapping-math -flto -pipe -fweb -fira-loop-pressure -fgcse-after-reload -fsplit-paths -floop-nest-optimize -fpeel-loops -fsplit-loops -floop-unroll-and-jam -o score.o -fprofile-use=/tmp/dock6_pgo_gcda -fprofile-correction score.cpp
g++-15 -c -O3 -std=c++11 -Wl,-ld_classic -D_DARWIN_C_SOURCE -march=native -fno-math-errno -fno-trapping-math -flto -pipe -fweb -fira-loop-pressure -fgcse-after-reload -fsplit-paths -floop-nest-optimize -fpeel-loops -fsplit-loops -floop-unroll-and-jam -o score_amber.o -fprofile-use=/tmp/dock6_pgo_gcda -fprofile-correction score_amber.cpp
g++-15 -c -O3 -std=c++11 -Wl,-ld_classic -D_DARWIN_C_SOURCE -march=native -fno-math-errno -fno-trapping-math -flto -pipe -fweb -fira-loop-pressure -fgcse-after-reload -fsplit-paths -floop-nest-optimize -fpeel-loops -fsplit-loops -floop-unroll-and-jam -o score_chemgrid.o -fprofile-use=/tmp/dock6_pgo_gcda -fprofile-correction score_chemgrid.cpp
g++-15 -c -O3 -std=c++11 -Wl,-ld_classic -D_DARWIN_C_SOURCE -march=native -fno-math-errno -fno-trapping-math -flto -pipe -fweb -fira-loop-pressure -fgcse-after-reload -fsplit-paths -floop-nest-optimize -fpeel-loops -fsplit-loops -floop-unroll-and-jam -o score_descriptor.o -fprofile-use=/tmp/dock6_pgo_gcda -fprofile-correction score_descriptor.cpp
g++-15 -c -O3 -std=c++11 -Wl,-ld_classic -D_DARWIN_C_SOURCE -march=native -fno-math-errno -fno-trapping-math -flto -pipe -fweb -fira-loop-pressure -fgcse-after-reload -fsplit-paths -floop-nest-optimize -fpeel-loops -fsplit-loops -floop-unroll-and-jam -o score_footprint.o -fprofile-use=/tmp/dock6_pgo_gcda -fprofile-correction score_footprint.cpp
g++-15 -c -O3 -std=c++11 -Wl,-ld_classic -D_DARWIN_C_SOURCE -march=native -fno-math-errno -fno-trapping-math -flto -pipe -fweb -fira-loop-pressure -fgcse-after-reload -fsplit-paths -floop-nest-optimize -fpeel-loops -fsplit-loops -floop-unroll-and-jam -o score_ph4.o -fprofile-use=/tmp/dock6_pgo_gcda -fprofile-correction score_ph4.cpp
g++-15 -c -O3 -std=c++11 -Wl,-ld_classic -D_DARWIN_C_SOURCE -march=native -fno-math-errno -fno-trapping-math -flto -pipe -fweb -fira-loop-pressure -fgcse-after-reload -fsplit-paths -floop-nest-optimize -fpeel-loops -fsplit-loops -floop-unroll-and-jam -o score_volume.o -fprofile-use=/tmp/dock6_pgo_gcda -fprofile-correction score_volume.cpp
g++-15 -c -O3 -std=c++11 -Wl,-ld_classic -D_DARWIN_C_SOURCE -march=native -fno-math-errno -fno-trapping-math -flto -pipe -fweb -fira-loop-pressure -fgcse-after-reload -fsplit-paths -floop-nest-optimize -fpeel-loops -fsplit-loops -floop-unroll-and-jam -o score_gist.o -fprofile-use=/tmp/dock6_pgo_gcda -fprofile-correction score_gist.cpp
g++-15 -c -O3 -std=c++11 -Wl,-ld_classic -D_DARWIN_C_SOURCE -march=native -fno-math-errno -fno-trapping-math -flto -pipe -fweb -fira-loop-pressure -fgcse-after-reload -fsplit-paths -floop-nest-optimize -fpeel-loops -fsplit-loops -floop-unroll-and-jam -o score_hbond.o -fprofile-use=/tmp/dock6_pgo_gcda -fprofile-correction score_hbond.cpp
g++-15 -c -O3 -std=c++11 -Wl,-ld_classic -D_DARWIN_C_SOURCE -march=native -fno-math-errno -fno-trapping-math -flto -pipe -fweb -fira-loop-pressure -fgcse-after-reload -fsplit-paths -floop-nest-optimize -fpeel-loops -fsplit-loops -floop-unroll-and-jam -o score_internal.o -fprofile-use=/tmp/dock6_pgo_gcda -fprofile-correction score_internal.cpp
g++-15 -c -O3 -std=c++11 -Wl,-ld_classic -D_DARWIN_C_SOURCE -march=native -fno-math-errno -fno-trapping-math -flto -pipe -fweb -fira-loop-pressure -fgcse-after-reload -fsplit-paths -floop-nest-optimize -fpeel-loops -fsplit-loops -floop-unroll-and-jam -o score_multigrid.o -fprofile-use=/tmp/dock6_pgo_gcda -fprofile-correction score_multigrid.cpp
g++-15 -c -O3 -std=c++11 -Wl,-ld_classic -D_DARWIN_C_SOURCE -march=native -fno-math-errno -fno-trapping-math -flto -pipe -fweb -fira-loop-pressure -fgcse-after-reload -fsplit-paths -floop-nest-optimize -fpeel-loops -fsplit-loops -floop-unroll-and-jam -o score_sasa.o -fprofile-use=/tmp/dock6_pgo_gcda -fprofile-correction score_sasa.cpp
g++-15 -c -O3 -std=c++11 -Wl,-ld_classic -D_DARWIN_C_SOURCE -march=native -fno-math-errno -fno-trapping-math -flto -pipe -fweb -fira-loop-pressure -fgcse-after-reload -fsplit-paths -floop-nest-optimize -fpeel-loops -fsplit-loops -floop-unroll-and-jam -o score_solvent.o -fprofile-use=/tmp/dock6_pgo_gcda -fprofile-correction score_solvent.cpp
g++-15 -c -O3 -std=c++11 -Wl,-ld_classic -D_DARWIN_C_SOURCE -march=native -fno-math-errno -fno-trapping-math -flto -pipe -fweb -fira-loop-pressure -fgcse-after-reload -fsplit-paths -floop-nest-optimize -fpeel-loops -fsplit-loops -floop-unroll-and-jam -o simplex.o -fprofile-use=/tmp/dock6_pgo_gcda -fprofile-correction simplex.cpp
g++-15 -c -O3 -std=c++11 -Wl,-ld_classic -D_DARWIN_C_SOURCE -march=native -fno-math-errno -fno-trapping-math -flto -pipe -fweb -fira-loop-pressure -fgcse-after-reload -fsplit-paths -floop-nest-optimize -fpeel-loops -fsplit-loops -floop-unroll-and-jam -o sphere.o -fprofile-use=/tmp/dock6_pgo_gcda -fprofile-correction sphere.cpp
g++-15 -c -O3 -std=c++11 -Wl,-ld_classic -D_DARWIN_C_SOURCE -march=native -fno-math-errno -fno-trapping-math -flto -pipe -fweb -fira-loop-pressure -fgcse-after-reload -fsplit-paths -floop-nest-optimize -fpeel-loops -fsplit-loops -floop-unroll-and-jam -o trace.o -fprofile-use=/tmp/dock6_pgo_gcda -fprofile-correction trace.cpp
g++-15 -c -O3 -std=c++11 -Wl,-ld_classic -D_DARWIN_C_SOURCE -march=native -fno-math-errno -fno-trapping-math -flto -pipe -fweb -fira-loop-pressure -fgcse-after-reload -fsplit-paths -floop-nest-optimize -fpeel-loops -fsplit-loops -floop-unroll-and-jam -o utils.o -fprofile-use=/tmp/dock6_pgo_gcda -fprofile-correction utils.cpp
g++-15 -c -O3 -std=c++11 -Wl,-ld_classic -D_DARWIN_C_SOURCE -march=native -fno-math-errno -fno-trapping-math -flto -pipe -fweb -fira-loop-pressure -fgcse-after-reload -fsplit-paths -floop-nest-optimize -fpeel-loops -fsplit-loops -floop-unroll-and-jam -o iso_align.o -fprofile-use=/tmp/dock6_pgo_gcda -fprofile-correction iso_align.cpp
g++-15 -c -O3 -std=c++11 -Wl,-ld_classic -D_DARWIN_C_SOURCE -march=native -fno-math-errno -fno-trapping-math -flto -pipe -fweb -fira-loop-pressure -fgcse-after-reload -fsplit-paths -floop-nest-optimize -fpeel-loops -fsplit-loops -floop-unroll-and-jam -o mem_info.o -fprofile-use=/tmp/dock6_pgo_gcda -fprofile-correction mem_info.cpp
g++-15 -c -O3 -std=c++11 -Wl,-ld_classic -D_DARWIN_C_SOURCE -march=native -fno-math-errno -fno-trapping-math -flto -pipe -fweb -fira-loop-pressure -fgcse-after-reload -fsplit-paths -floop-nest-optimize -fpeel-loops -fsplit-loops -floop-unroll-and-jam -o rdtyper.o -fprofile-use=/tmp/dock6_pgo_gcda -fprofile-correction rdtyper.cpp
g++-15 -c -O3 -std=c++11 -Wl,-ld_classic -D_DARWIN_C_SOURCE -march=native -fno-math-errno -fno-trapping-math -flto -pipe -fweb -fira-loop-pressure -fgcse-after-reload -fsplit-paths -floop-nest-optimize -fpeel-loops -fsplit-loops -floop-unroll-and-jam -o rddrive.o -fprofile-use=/tmp/dock6_pgo_gcda -fprofile-correction rddrive.cpp
cd nab && make all
gcc-15 -c -O3 -D_DARWIN_C_SOURCE -march=native -fno-math-errno -fno-trapping-math -flto -pipe -fweb -fira-loop-pressure -fgcse-after-reload -fsplit-paths -floop-nest-optimize -fpeel-loops -fsplit-loops -floop-unroll-and-jam -fprofile-use=/tmp/dock6_pgo_gcda -fprofile-correction molio.c
gcc-15 -c  -O3 -Wl,-ld_classic -std=gnu17 -D_DARWIN_C_SOURCE -march=native -fno-math-errno -fno-trapping-math -flto -pipe -fweb -fira-loop-pressure -fgcse-after-reload -fsplit-paths -floop-nest-optimize -fpeel-loops -fsplit-loops -floop-unroll-and-jam -o prm.o -fprofile-use=/tmp/dock6_pgo_gcda -fprofile-correction prm.c
gcc-15 -c -O3 -D_DARWIN_C_SOURCE -march=native -fno-math-errno -fno-trapping-math -flto -pipe -fweb -fira-loop-pressure -fgcse-after-reload -fsplit-paths -floop-nest-optimize -fpeel-loops -fsplit-loops -floop-unroll-and-jam -DDOCK -Dflex -D_DARWIN_C_SOURCE -fprofile-use=/tmp/dock6_pgo_gcda -fprofile-correction sff.c
In file included from sff.c:1854:
mm_options.l: In function 'mmo_mmoinput':
mm_options.l:92:6: warning: old-style function definition [-Wold-style-definition]
   92 | int  mmo_yyinput( buf, max_size )
      |      ^~~~~~~~~~~~
gcc-15 -c  -O3 -Wl,-ld_classic -std=gnu17 -D_DARWIN_C_SOURCE -march=native -fno-math-errno -fno-trapping-math -flto -pipe -fweb -fira-loop-pressure -fgcse-after-reload -fsplit-paths -floop-nest-optimize -fpeel-loops -fsplit-loops -floop-unroll-and-jam -o traceback.o -fprofile-use=/tmp/dock6_pgo_gcda -fprofile-correction traceback.c
gcc-15 -c  -O3 -Wl,-ld_classic -std=gnu17 -D_DARWIN_C_SOURCE -march=native -fno-math-errno -fno-trapping-math -flto -pipe -fweb -fira-loop-pressure -fgcse-after-reload -fsplit-paths -floop-nest-optimize -fpeel-loops -fsplit-loops -floop-unroll-and-jam -o select_atoms.o -fprofile-use=/tmp/dock6_pgo_gcda -fprofile-correction select_atoms.c
gcc-15 -c  -O3 -Wl,-ld_classic -std=gnu17 -D_DARWIN_C_SOURCE -march=native -fno-math-errno -fno-trapping-math -flto -pipe -fweb -fira-loop-pressure -fgcse-after-reload -fsplit-paths -floop-nest-optimize -fpeel-loops -fsplit-loops -floop-unroll-and-jam -o memutil.o -fprofile-use=/tmp/dock6_pgo_gcda -fprofile-correction memutil.c
gcc-15 -c  -O3 -Wl,-ld_classic -std=gnu17 -D_DARWIN_C_SOURCE -march=native -fno-math-errno -fno-trapping-math -flto -pipe -fweb -fira-loop-pressure -fgcse-after-reload -fsplit-paths -floop-nest-optimize -fpeel-loops -fsplit-loops -floop-unroll-and-jam -o reslib.o -fprofile-use=/tmp/dock6_pgo_gcda -fprofile-correction reslib.c
gcc-15 -c  -O3 -Wl,-ld_classic -std=gnu17 -D_DARWIN_C_SOURCE -march=native -fno-math-errno -fno-trapping-math -flto -pipe -fweb -fira-loop-pressure -fgcse-after-reload -fsplit-paths -floop-nest-optimize -fpeel-loops -fsplit-loops -floop-unroll-and-jam -o jacobi.o -fprofile-use=/tmp/dock6_pgo_gcda -fprofile-correction jacobi.c
gcc-15 -c  -O3 -Wl,-ld_classic -std=gnu17 -D_DARWIN_C_SOURCE -march=native -fno-math-errno -fno-trapping-math -flto -pipe -fweb -fira-loop-pressure -fgcse-after-reload -fsplit-paths -floop-nest-optimize -fpeel-loops -fsplit-loops -floop-unroll-and-jam -o molutil.o -fprofile-use=/tmp/dock6_pgo_gcda -fprofile-correction molutil.c
gcc-15 -c  -O3 -Wl,-ld_classic -std=gnu17 -D_DARWIN_C_SOURCE -march=native -fno-math-errno -fno-trapping-math -flto -pipe -fweb -fira-loop-pressure -fgcse-after-reload -fsplit-paths -floop-nest-optimize -fpeel-loops -fsplit-loops -floop-unroll-and-jam -o chirvol.o -fprofile-use=/tmp/dock6_pgo_gcda -fprofile-correction chirvol.c
gcc-15 -c  -O3 -Wl,-ld_classic -std=gnu17 -D_DARWIN_C_SOURCE -march=native -fno-math-errno -fno-trapping-math -flto -pipe -fweb -fira-loop-pressure -fgcse-after-reload -fsplit-paths -floop-nest-optimize -fpeel-loops -fsplit-loops -floop-unroll-and-jam -o regexp.o -fprofile-use=/tmp/dock6_pgo_gcda -fprofile-correction regexp.c
gcc-15 -c  -O3 -Wl,-ld_classic -std=gnu17 -D_DARWIN_C_SOURCE -march=native -fno-math-errno -fno-trapping-math -flto -pipe -fweb -fira-loop-pressure -fgcse-after-reload -fsplit-paths -floop-nest-optimize -fpeel-loops -fsplit-loops -floop-unroll-and-jam -o binpos.o -fprofile-use=/tmp/dock6_pgo_gcda -fprofile-correction binpos.c
gcc-15 -c  -O3 -Wl,-ld_classic -std=gnu17 -D_DARWIN_C_SOURCE -march=native -fno-math-errno -fno-trapping-math -flto -pipe -fweb -fira-loop-pressure -fgcse-after-reload -fsplit-paths -floop-nest-optimize -fpeel-loops -fsplit-loops -floop-unroll-and-jam -o time.o -fprofile-use=/tmp/dock6_pgo_gcda -fprofile-correction time.c
gcc-15 -c -O3 -D_DARWIN_C_SOURCE -march=native -fno-math-errno -fno-trapping-math -flto -pipe -fweb -fira-loop-pressure -fgcse-after-reload -fsplit-paths -floop-nest-optimize -fpeel-loops -fsplit-loops -floop-unroll-and-jam -fprofile-use=/tmp/dock6_pgo_gcda -fprofile-correction rand2.c
gcc-15 -c -O3 -D_DARWIN_C_SOURCE -march=native -fno-math-errno -fno-trapping-math -flto -pipe -fweb -fira-loop-pressure -fgcse-after-reload -fsplit-paths -floop-nest-optimize -fpeel-loops -fsplit-loops -floop-unroll-and-jam -fprofile-use=/tmp/dock6_pgo_gcda -fprofile-correction conjgrad.c
gcc-15 -c  -O3 -Wl,-ld_classic -std=gnu17 -D_DARWIN_C_SOURCE -march=native -fno-math-errno -fno-trapping-math -flto -pipe -fweb -fira-loop-pressure -fgcse-after-reload -fsplit-paths -floop-nest-optimize -fpeel-loops -fsplit-loops -floop-unroll-and-jam -o database.o -fprofile-use=/tmp/dock6_pgo_gcda -fprofile-correction database.c
gcc-15 -c  -O3 -Wl,-ld_classic -std=gnu17 -D_DARWIN_C_SOURCE -march=native -fno-math-errno -fno-trapping-math -flto -pipe -fweb -fira-loop-pressure -fgcse-after-reload -fsplit-paths -floop-nest-optimize -fpeel-loops -fsplit-loops -floop-unroll-and-jam -o tleap.o -fprofile-use=/tmp/dock6_pgo_gcda -fprofile-correction tleap.c
ar rv nab.a molio.o prm.o sff.o traceback.o select_atoms.o memutil.o reslib.o jacobi.o molutil.o chirvol.o regexp.o binpos.o time.o rand2.o conjgrad.o database.o tleap.o 
r - molio.o
r - prm.o
r - sff.o
r - traceback.o
r - select_atoms.o
r - memutil.o
r - reslib.o
r - jacobi.o
r - molutil.o
r - chirvol.o
r - regexp.o
r - binpos.o
r - time.o
r - rand2.o
r - conjgrad.o
r - database.o
r - tleap.o
ranlib nab.a
cd gzstream && make
g++-15 -I. -O3 -std=c++11 -Wl,-ld_classic -D_DARWIN_C_SOURCE -march=native -fno-math-errno -fno-trapping-math -flto -pipe -fweb -fira-loop-pressure -fgcse-after-reload -fsplit-paths -floop-nest-optimize -fpeel-loops -fsplit-loops -floop-unroll-and-jam -c -o gzstream.o gzstream.C
ar cr libgzstream.a gzstream.o
g++-15 -O3 -Wl,-ld_classic -std=gnu17 -D_DARWIN_C_SOURCE -march=native -fno-math-errno -fno-trapping-math -flto -pipe -fweb -fira-loop-pressure -fgcse-after-reload -fsplit-paths -floop-nest-optimize -fpeel-loops -fsplit-loops -floop-unroll-and-jam -o dock6 amber_typer.o base_grid.o base_mpi.o base_score.o conf_gen_ag.o conf_gen_cg.o conf_gen_dn.o conf_gen_dn_ga.o conf_gen_ga.o conf_gen_hdb.o dock.o dockmol.o filter.o fingerprint.o fraggraph.o fragment.o gasteiger.o grid.o hungarian.o library_file.o limit_max_change.o master_conf.o master_score.o orient.o sasa.o score.o score_amber.o score_chemgrid.o score_descriptor.o score_footprint.o score_ph4.o score_volume.o score_gist.o score_hbond.o score_internal.o score_multigrid.o score_sasa.o score_solvent.o simplex.o sphere.o trace.o utils.o iso_align.o mem_info.o rdtyper.o rddrive.o nab/*.o gzstream/gzstream.o -lz \
		-lm -lpthread -Wl,-ld_classic -flto -fprofile-use=/tmp/dock6_pgo_gcda -fprofile-correction
ld: warning: -ld_classic is deprecated and will be removed in a future release
lto-wrapper: warning: using serial compilation of 33 LTRANS jobs
lto-wrapper: note: see the '-flto' option documentation for more information
dockmol.cpp: In member function 'allocate_arrays':
dockmol.cpp:1606:37: warning: argument 1 value '18446744073709551615' exceeds maximum object size 9223372036854775807 [-Walloc-size-larger-than=]
 1606 |     atom_data = new string[num_atoms];
      |                                     ^
/opt/homebrew/Cellar/gcc/15.2.0_1/include/c++/15/new:140:26: note: in a call to allocation function 'operator new []' declared here
  140 | _GLIBCXX_NODISCARD void* operator new[](std::size_t)
      |                          ^
In function 'free_vector',
    inlined from 'jacobi' at nab/jacobi.c:38:4:
nab/memutil.c:132:9: warning: 'free' called on pointer 'z_181' with nonzero offset 8 [-Wfree-nonheap-object]
  132 |         free( ( char * )( v + nl ) );
      |         ^
nab/jacobi.c: In function 'jacobi':
nab/jacobi.c:15:13: note: returned from 'vector'
   15 |         z = vector(1,n);
      |             ^
In function 'free_vector',
    inlined from 'jacobi' at nab/jacobi.c:39:4:
nab/memutil.c:132:9: warning: 'free' called on pointer 'b_179' with nonzero offset 8 [-Wfree-nonheap-object]
  132 |         free( ( char * )( v + nl ) );
      |         ^
nab/jacobi.c: In function 'jacobi':
nab/jacobi.c:14:13: note: returned from 'vector'
   14 |         b = vector(1,n);
      |             ^
In function 'free_vector',
    inlined from 'conjgrad' at nab/conjgrad.c:269:3:
nab/memutil.c:132:9: warning: 'free' called on pointer 'w_399' with nonzero offset 8 [-Wfree-nonheap-object]
  132 |         free( ( char * )( v + nl ) );
      |         ^
nab/conjgrad.c: In function 'conjgrad':
nab/conjgrad.c:64:7: note: returned from 'vector'
   64 |   w = vector( 1, 6*ncopy );
      |       ^
In function 'free_vector',
    inlined from 'conjgrad' at nab/conjgrad.c:269:34:
nab/memutil.c:132:9: warning: 'free' called on pointer 'g_401' with nonzero offset 8 [-Wfree-nonheap-object]
  132 |         free( ( char * )( v + nl ) );
      |         ^
nab/conjgrad.c: In function 'conjgrad':
nab/conjgrad.c:65:7: note: returned from 'vector'
   65 |   g = vector( 1, ncopy );
      |       ^
ld: warning: -ld_classic is deprecated and will be removed in a future release
mv dock6 ../../bin

Installation of 
DOCK v6.13
program dock is complete at Sat 16 May 2026 21:39:58 PDT.

